// Jest Snapshot v1, https://goo.gl/fbAQLP

exports[`MarketCapItem should render correctly 1`] = `
<div
  class="market_cap_item"
>
  <div
    class="item_name"
  >
    <svg
      height="32"
      width="32"
      xmlns="http://www.w3.org/2000/svg"
    >
      <g
        fill="none"
        fill-rule="evenodd"
      >
        <circle
          cx="16"
          cy="16"
          fill="#2c3a61"
          r="16"
        />
        <g
          fill="#3d97d4"
          fill-rule="nonzero"
        >
          <path
            d="M16.498 4v8.87l7.497 3.35z"
            fill-opacity=".602"
          />
          <path
            d="M16.498 4L9 16.22l7.498-3.35z"
          />
          <path
            d="M16.498 21.968v6.027L24 17.616z"
            fill-opacity=".602"
          />
          <path
            d="M16.498 27.995v-6.028L9 17.616z"
          />
          <path
            d="M16.498 20.573l7.497-4.353-7.497-3.348z"
            fill-opacity=".2"
          />
          <path
            d="M9 16.22l7.498 4.353v-7.701z"
            fill-opacity=".602"
          />
        </g>
      </g>
    </svg>
    <p>
      bitcoin
    </p>
  </div>
  <div
    class="item_variation"
    style="color:#f1c94f"
  >
    <svg
      fill="#f1c94f"
      style="transform:rotate(210deg)"
      viewBox="0 0 492 492"
      xmlns="http://www.w3.org/2000/svg"
    >
      <path
        d="M464.3 207.4l0.8 0.2H135.9l103.5-103.7c5.1-5.1 7.8-11.9 7.8-19.1 0-7.2-2.8-14-7.8-19.1L223.3 49.5c-5.1-5.1-11.8-7.9-19-7.9 -7.2 0-14 2.8-19 7.8L7.8 226.9C2.8 232 0 238.8 0 246c0 7.2 2.8 14 7.8 19.1l177.4 177.4c5.1 5.1 11.8 7.8 19 7.8 7.2 0 13.9-2.8 19-7.8l16.1-16.1c5.1-5.1 7.8-11.8 7.8-19 0-7.2-2.8-13.6-7.8-18.7L134.7 284.4h330c14.8 0 27.3-12.8 27.3-27.6v-22.8C492 219.2 479.2 207.4 464.3 207.4z"
      />
    </svg>
    <p>
      0
    </p>
    <p>
      %
    </p>
  </div>
  <div
    class="item_volume"
  >
    <p>
      $
    </p>
    <p>
      0 Milliards
    </p>
  </div>
</div>
`;
