// Jest Snapshot v1, https://goo.gl/fbAQLP

exports[`Exchange should render correctly 1`] = `
<Provider
  store={
    Object {
      "@@observable": [Function],
      "dispatch": [Function],
      "getState": [Function],
      "replaceReducer": [Function],
      "subscribe": [Function],
    }
  }
>
  <Exchange>
    <div
      className="exchange exchange_element"
    >
      <div
        className="exchange-top exchange_element"
      >
        <div
          className="exchange_left exchange_element"
        >
          <p
            className="exchange_element"
          >
            Sell
          </p>
          <div
            className="input exchange_element"
          >
            <input
              className="exchange_element"
              id="inputSell"
              min="0"
              onChange={[Function]}
              onFocus={[Function]}
              type="number"
            />
            <Select
              items="sell"
              setCryptoSelected={[Function]}
            >
              <div>
                <select
                  className="sell exchange_element"
                >
                  <option
                    className="option exchange_element"
                    label="BTC"
                    value="BTC"
                  >
                    BTC
                  </option>
                  <option
                    className="option exchange_element"
                    label="ETH"
                    value="ETH"
                  >
                    ETH
                  </option>
                  <option
                    className="option exchange_element"
                    label="XRP"
                    value="XRP"
                  >
                    XRP
                  </option>
                  <option
                    className="option exchange_element"
                    label="LTC"
                    value="LTC"
                  >
                    LTC
                  </option>
                  <option
                    className="option exchange_element"
                    label="NEO"
                    value="NEO"
                  >
                    NEO
                  </option>
                </select>
                <div
                  className="sell-select exchange_element"
                >
                  <svg
                    className="select-sell-arrow exchange_element"
                    fill="#605b95"
                    height="24px"
                    viewBox="0 0 24 24"
                    width="24px"
                    xmlns="http://www.w3.org/2000/svg"
                  >
                    <path
                      d="M0 0h24v24H0V0z"
                      fill="none"
                    />
                    <path
                      d="M7.41 8.59L12 13.17l4.59-4.58L18 10l-6 6-6-6 1.41-1.41z"
                    />
                  </svg>
                  <button
                    aria-label="select-sell"
                    className="btn-sell exchange_element"
                    id="select-sell"
                    type="button"
                    value=""
                  />
                  <div
                    className="sell-list exchange_element"
                  >
                    <ul
                      id="sell-items"
                    />
                  </div>
                </div>
              </div>
            </Select>
          </div>
          <p
            className="exchange_element"
          >
            Buy
          </p>
          <div
            className="input exchange_element"
          >
            <input
              className="exchange_element"
              id="inputBuy"
              min="0"
              onChange={[Function]}
              onFocus={[Function]}
              type="number"
            />
            <Select
              items="buy"
              setCurrencySelected={[Function]}
            >
              <div>
                <select
                  className="buy exchange_element"
                >
                  <option
                    className="option exchange_element"
                    label="BTC"
                    value="BTC"
                  >
                    BTC
                  </option>
                  <option
                    className="option exchange_element"
                    label="ETH"
                    value="ETH"
                  >
                    ETH
                  </option>
                  <option
                    className="option exchange_element"
                    label="XRP"
                    value="XRP"
                  >
                    XRP
                  </option>
                  <option
                    className="option exchange_element"
                    label="LTC"
                    value="LTC"
                  >
                    LTC
                  </option>
                  <option
                    className="option exchange_element"
                    label="NEO"
                    value="NEO"
                  >
                    NEO
                  </option>
                </select>
                <div
                  className="buy-select exchange_element"
                >
                  <svg
                    className="select-buy-arrow exchange_element"
                    fill="#605b95"
                    height="24px"
                    viewBox="0 0 24 24"
                    width="24px"
                    xmlns="http://www.w3.org/2000/svg"
                  >
                    <path
                      d="M0 0h24v24H0V0z"
                      fill="none"
                    />
                    <path
                      d="M7.41 8.59L12 13.17l4.59-4.58L18 10l-6 6-6-6 1.41-1.41z"
                    />
                  </svg>
                  <button
                    aria-label="select-buy"
                    className="btn-buy exchange_element"
                    id="select-buy"
                    type="button"
                    value=""
                  />
                  <div
                    className="buy-list exchange_element"
                  >
                    <ul
                      id="buy-items"
                    />
                  </div>
                </div>
              </div>
            </Select>
          </div>
        </div>
        <div
          className="exchange_right"
        >
          <svg
            fill="#fff"
            fillRule="evenodd"
            stroke="#000"
            strokeLinecap="round"
            strokeLinejoin="round"
            viewBox="0 0 66 65"
            xmlns="http://www.w3.org/2000/svg"
          >
            <path
              d="M31.848 0c4.993 0 9.744 1.144 14.007 3.2.67.302 1.34.663 2.008 1.024L44.94 6.813l-4.382-4.515-7.55 6.62-4.448-4.765-13.885 12.342 8.9 9.692-3.47 3 8.77 9.692-3.47 3.008L37.94 55.683l7.425-6.743 6.458 7.226c-1.28.963-2.68 1.928-4.2 2.77a32.11 32.11 0 0 1-15.712 4.09C14.3 63.026 0 48.883 0 31.486-.062 14.207 14.25 0 31.848 0zM26 29.558l7.612-6.743 6.822 7.525-7.614 6.742zm5.42 13.003l7.55-6.802 6.882 7.524-7.613 6.743zM20.584 16.736l7.6-6.743 6.82 7.525-7.613 6.742zm13.943-3.623L40.2 8.067l5.116 5.6-5.664 5.116zm10.1 23.177l5.673-5.047 5.116 5.657-5.664 5.06zm4.993 11.38l5.664-5.058 5.112 5.6-5.662 5.116zm2.315-26.007l3.775-3.372 3.4 3.734-3.774 3.37zm-4.872-11.137l3.775-3.43 3.412 3.792-3.778 3.37zm9.682 22.275l3.775-3.37 3.48 3.74-3.835 3.37zm-17-8.368l5.664-5.057 5.114 5.598-5.662 5.058z"
              fill="#fff"
              fillRule="nonzero"
              stroke="none"
            />
          </svg>
          <p>
            Balance
          </p>
          <div
            className="wallet"
          >
            <p>
              $
            </p>
            <p>
              20 000.00
            </p>
          </div>
          <p
            className="date"
          >
            00/00
          </p>
        </div>
      </div>
      <button
        className="btn-exchange exchange_element"
        onClick={[Function]}
        type="button"
      >
        Exchange
      </button>
    </div>
  </Exchange>
</Provider>
`;
