// Jest Snapshot v1, https://goo.gl/fbAQLP

exports[`Menu should render correctly 1`] = `
<Provider
  store={
    Object {
      "@@observable": [Function],
      "dispatch": [Function],
      "getState": [Function],
      "replaceReducer": [Function],
      "subscribe": [Function],
    }
  }
>
  <Menu>
    <div
      className="menu"
      id="menu"
    >
      <div
        className="user"
      >
        <img
          alt=""
          className="user_icon"
          src="https://www.vhv.rs/dpng/d/164-1645859_selfie-clipart-groucho-glass-good-profile-hd-png.png"
        />
        <div
          className="user_name"
        >
          <p />
        </div>
        <div
          className="user_email"
        >
          <p />
        </div>
      </div>
      <nav>
        <MenuItem
          active="dashboard"
          item="Dashboard"
          onClick={[Function]}
        >
          <div
            className="menu_item is_active menu_dashboard"
            id="menu_dashboard"
            onClick={[Function]}
            onKeyDown={[Function]}
            role="button"
            tabIndex={0}
          >
            <div
              className="menu_item_icon"
            >
              <div
                className="dashboard_icon"
              >
                <div
                  className="dashboard_icon_top"
                >
                  <span
                    className="square"
                  />
                  <span
                    className="square"
                    style={
                      Object {
                        "opacity": 0.6,
                      }
                    }
                  />
                </div>
                <div
                  className="dashboard_icon_bottom"
                >
                  <span
                    className="square"
                  />
                  <span
                    className="square"
                  />
                </div>
              </div>
            </div>
            <p>
              Dashboard
            </p>
          </div>
        </MenuItem>
        <MenuItem
          active="dashboard"
          item="Market"
          onClick={[Function]}
        >
          <div
            className="menu_item menu_market"
            id="menu_market"
            onClick={[Function]}
            onKeyDown={[Function]}
            role="button"
            tabIndex={0}
          >
            <div
              className="menu_item_icon"
            >
              <span
                className="fix_market_icon"
              />
              <img
                alt=""
                className="market_icon"
                src={
                  Object {
                    "canInstrument": true,
                    "createTransformer": [Function],
                    "getCacheKey": [Function],
                    "process": [Function],
                  }
                }
              />
            </div>
            <p>
              Market
            </p>
          </div>
        </MenuItem>
        <MenuItem
          active="dashboard"
          item="Portfolio"
          onClick={[Function]}
        >
          <div
            className="menu_item menu_portfolio"
            id="menu_portfolio"
            onClick={[Function]}
            onKeyDown={[Function]}
            role="button"
            tabIndex={0}
          >
            <div
              className="menu_item_icon"
            >
              <svg
                height="512"
                viewBox="0 0 511.4 511.4"
                width="512"
                xmlns="http://www.w3.org/2000/svg"
              >
                <g
                  xmlns="http://www.w3.org/2000/svg"
                >
                  <path
                    d="m0.7 252v-160.3c0-34.5 28-62.4 62.4-62.4h385c34.5 0 62.4 28 62.4 62.4v259.3c0 34.5-28 62.4-62.4 62.4h-122.5c-21 0-40.7-10.6-52.2-28.2l-28-42.6c-11.5-17.6-31.2-28.2-52.2-28.2h-130.1c-34.5-62.4-28-62.4-62.4z"
                    data-original="#df8621"
                    fill="#e4e4e4"
                  />
                  <path
                    d="m415.2 0h-214.3c-26.5 0-48 21.5-48 48v284.4c0 26.5 21.5 48 48 48h214.3c26.5 0 48-21.5 48-48v-284.4c0-26.5-21.5-48-48-48z"
                    data-original="#dddaec"
                    fill="#8f8d97"
                  />
                  <path
                    d="m338.6 73.2h-214.3c-26.5 0-48 21.5-48 48v284.4c0 26.5 21.5 48 48 48h214.3c26.5 0 48-21.5 48-48v-284.4c0-26.5-21.5-48-48-48z"
                    data-original="#f1f4f6"
                    fill="#f1f4f6"
                  />
                  <path
                    className="a"
                    d="m510.6 288.6v160.3c0 34.5-28 62.4-62.4 62.4h-385c-34.5 0-62.4-28-62.4-62.4v-259.3c0-34.5 28-62.4 62.4-62.4h122.5c21 0 40.7 10.6 52.2 28.2l28 42.6c11.5 17.6 31.2 28.2 52.2 28.2h130.1c34.5 0 62.4 28 62.4 62.4z"
                    data-original="#e7a52e"
                  />
                  <path
                    className="a"
                    d="m114 511.3h-50.8c-34.5 0-62.4-28-62.4-62.4v-259.2c0-34.5 28-62.4 62.4-62.4h50.8c-34.5 0-62.4 28-62.4 62.4v259.2c0 34.5 28 62.4 62.4 62.4z"
                    data-original="#e49824"
                  />
                  <path
                    d="m316.8 198.4c-2.3 0-4.5-1.1-6-2.9l-26.9-33.4c-2.7-3.3-2.1-8.2 1.2-10.8s8.2-2.1 10.8 1.2l19.5 24.3 28.3-53.2c2-3.8 6.7-5.2 10.4-3.2 3.8 2 5.2 6.7 3.2 10.4l-33.8 63.5c-1.3 2.5-4 4.1-6.8 4.1z"
                    data-original="#b3e59f"
                    fill="#f2f2f2"
                  />
                  <g
                    fill="#ffe07d"
                  >
                    <path
                      className="b"
                      d="m191.9 281.6h-131.6c-4.3 0-7.7-3.5-7.7-7.7s3.5-7.7 7.7-7.7h131.6c4.3 0 7.7 3.5 7.7 7.7 0 4.3-3.5 7.7-7.7 7.7z"
                      data-original="#ffe07d"
                    />
                    <path
                      className="b"
                      d="m191.9 310.1h-131.6c-4.3 0-7.7-3.5-7.7-7.7s3.5-7.7 7.7-7.7h131.6c4.3 0 7.7 3.5 7.7 7.7 0 4.3-3.5 7.7-7.7 7.7z"
                      data-original="#ffe07d"
                    />
                  </g>
                </g>
              </svg>
            </div>
            <p>
              Portfolio
            </p>
          </div>
        </MenuItem>
        <MenuItem
          active="dashboard"
          item="Changelog"
          onClick={[Function]}
        >
          <div
            className="menu_item menu_changelog"
            id="menu_changelog"
            onClick={[Function]}
            onKeyDown={[Function]}
            role="button"
            tabIndex={0}
          >
            <div
              className="menu_item_icon"
            >
              <svg
                height="512"
                viewBox="0 0 512 512"
                width="512"
                xmlns="http://www.w3.org/2000/svg"
              >
                <path
                  d="M456.3 130.9V44.5C456.3 19.9 436.4 0 411.8 0H100.2C75.6 0 55.7 19.9 55.7 44.5v219.9C24.7 265.9 0 291.5 0 322.8s24.7 56.9 55.7 58.4v86.3c0 24.6 19.9 44.5 44.5 44.5h311.7c24.6 0 44.5-19.9 44.5-44.5V247.6C487.3 246.1 512 220.5 512 189.2S487.3 132.3 456.3 130.9zM16.7 322.8c0-22.1 17.2-40.2 39-41.6v83.3C33.9 363 16.7 344.9 16.7 322.8zM456.3 230.9v-83.3c21.7 1.4 39 19.6 39 41.6S478.1 229.4 456.3 230.9z"
                  data-original="#f2efe2"
                  fill="#fff"
                  xmlns="http://www.w3.org/2000/svg"
                />
                <path
                  d="M91.8 139.1c0-4.6 3.7-8.3 8.3-8.3h100.2c4.6 0 8.3 3.7 8.3 8.3 0 4.6-3.7 8.3-8.3 8.3H100.2C95.6 147.5 91.8 143.7 91.8 139.1zM411.8 364.5H311.7c-4.6 0-8.3 3.7-8.3 8.3 0 4.6 3.7 8.3 8.3 8.3h100.2c4.6 0 8.3-3.7 8.3-8.3C420.2 368.3 416.4 364.5 411.8 364.5zM211.5 286.6H100.2c-4.6 0-8.3 3.7-8.3 8.3s3.7 8.3 8.3 8.3h111.3c4.6 0 8.3-3.7 8.3-8.3S216.1 286.6 211.5 286.6zM411.8 286.6H311.7c-4.6 0-8.3 3.7-8.3 8.3s3.7 8.3 8.3 8.3h100.2c4.6 0 8.3-3.7 8.3-8.3S416.4 286.6 411.8 286.6zM203.1 217c0 4.6 3.7 8.3 8.3 8.3h200.3c4.6 0 8.3-3.7 8.3-8.3 0-4.6-3.7-8.3-8.3-8.3H211.5C206.9 208.7 203.1 212.4 203.1 217zM100.2 225.4h44.5c4.6 0 8.3-3.7 8.3-8.3 0-4.6-3.7-8.3-8.3-8.3h-44.5c-4.6 0-8.3 3.7-8.3 8.3C91.8 221.7 95.6 225.4 100.2 225.4zM177 208.7c-4.6 0-8.3 3.7-8.3 8.3 0 4.6 3.7 8.3 8.3 8.3h1.1c4.6 0 8.3-3.7 8.3-8.3 0-4.6-3.7-8.3-8.3-8.3H177zM246 286.6h-1.1c-4.6 0-8.3 3.7-8.3 8.3s3.7 8.3 8.3 8.3h1.1c4.6 0 8.3-3.7 8.3-8.3S250.6 286.6 246 286.6zM278.3 286.6h-1.1c-4.6 0-8.3 3.7-8.3 8.3s3.7 8.3 8.3 8.3h1.1c4.6 0 8.3-3.7 8.3-8.3S282.9 286.6 278.3 286.6z"
                  data-original="#bfbba3"
                  fill="#878474"
                  xmlns="http://www.w3.org/2000/svg"
                />
                <path
                  d="M263.9 379.1l-43.3 34.2c-2.2 1.7-5.7 1.7-7.9 0 -1-0.8-1.6-1.9-1.6-3.1v-28.9H64h-5.6C26.2 381.2 0 355 0 322.8c0-31.3 24.7-56.9 55.7-58.4v16.7c-21.7 1.4-39 19.6-39 41.6 0 23 18.7 41.7 41.7 41.7H64h147.1v-28.9c0-1.2 0.6-2.3 1.6-3.1 2.2-1.7 5.7-1.7 7.9 0l43.3 34.2C268.2 370.1 268.2 375.7 263.9 379.1zM453.6 130.8H448 300.5v-28.9c0-1.2-0.6-2.3-1.6-3.1 -2.2-1.7-5.7-1.7-7.9 0l-43.3 34.2c-4.3 3.4-4.3 9 0 12.4l43.3 34.2c2.2 1.7 5.7 1.7 7.9 0 1-0.8 1.6-1.9 1.6-3.1v-28.9H448h5.6c23 0 41.7 18.7 41.7 41.7 0 22.1-17.2 40.2-39 41.6v16.7C487.3 246.1 512 220.5 512 189.2 512 157 485.8 130.8 453.6 130.8z"
                  data-original="#fc8059"
                  fill="#878474"
                  xmlns="http://www.w3.org/2000/svg"
                />
              </svg>
            </div>
            <p>
              Changelog
            </p>
          </div>
        </MenuItem>
        <MenuItem
          active="dashboard"
          item="Settings"
          onClick={[Function]}
        >
          <div
            className="menu_item menu_settings"
            id="menu_settings"
            onClick={[Function]}
            onKeyDown={[Function]}
            role="button"
            tabIndex={0}
          >
            <div
              className="menu_item_icon"
            >
              <svg
                fill="white"
                viewBox="0 0 24 24"
                xmlns="http://www.w3.org/2000/svg"
              >
                <path
                  d="M22.2 14.4L21 13.7c-1.3-0.8-1.3-2.7 0-3.5l1.2-0.7c1-0.6 1.3-1.8 0.7-2.7l-1-1.7c-0.6-1-1.8-1.3-2.7-0.7L18 5.1c-1.3 0.8-3-0.2-3-1.7V2c0-1.1-0.9-2-2-2h-2C9.9 0 9 0.9 9 2v1.3c0 1.5-1.7 2.5-3 1.7L4.8 4.4c-1-0.6-2.2-0.2-2.7 0.7l-1 1.7C0.6 7.8 0.9 9 1.8 9.6L3 10.3C4.3 11 4.3 13 3 13.7l-1.2 0.7c-1 0.6-1.3 1.8-0.7 2.7l1 1.7c0.6 1 1.8 1.3 2.7 0.7L6 18.9c1.3-0.8 3 0.2 3 1.7V22c0 1.1 0.9 2 2 2h2c1.1 0 2-0.9 2-2v-1.3c0-1.5 1.7-2.5 3-1.7l1.2 0.7c1 0.6 2.2 0.2 2.7-0.7l1-1.7C23.4 16.2 23.1 15 22.2 14.4zM12 16c-2.2 0-4-1.8-4-4 0-2.2 1.8-4 4-4s4 1.8 4 4C16 14.2 14.2 16 12 16z"
                />
              </svg>
            </div>
            <p>
              Settings
            </p>
          </div>
        </MenuItem>
      </nav>
      <div
        className="john"
      >
        <img
          alt=""
          src={
            Object {
              "canInstrument": true,
              "createTransformer": [Function],
              "getCacheKey": [Function],
              "process": [Function],
            }
          }
        />
        <p>
          Newest version soon available!
        </p>
        <p>
          More info version 1.1
        </p>
        <span
          onClick={[Function]}
          onKeyDown={[Function]}
          role="button"
          tabIndex={0}
        >
          Read
        </span>
      </div>
    </div>
  </Menu>
</Provider>
`;
