// Jest Snapshot v1, https://goo.gl/fbAQLP

exports[`Header should render correctly 1`] = `
<Provider
  store={
    Object {
      "@@observable": [Function],
      "dispatch": [Function],
      "getState": [Function],
      "replaceReducer": [Function],
      "subscribe": [Function],
    }
  }
>
  <Header>
    <div
      className="header"
    >
      <div
        className="menu_icon"
        onClick={[Function]}
        onKeyDown={[Function]}
        role="button"
        tabIndex={0}
      >
        <button
          className="hamburger hamburger--squeeze"
          id="toggleMenu"
          type="button"
        >
          <span
            className="hamburger-box"
          >
            <span
              className="hamburger-inner"
            />
          </span>
        </button>
      </div>
      <div
        className="header_content"
      >
        <div
          className="header_logo"
          id="header_logo"
          onMouseEnter={[Function]}
        >
          <div
            className="header_logo_container"
          >
            <div
              className="stick1"
              id="logo_stick1"
            />
            <div
              className="stick2"
              id="logo_stick2"
            />
            <div
              className="stick3"
              id="logo_stick3"
            />
          </div>
          <p>
            Coinlabs
          </p>
        </div>
        <div
          className="header_input"
        >
          <input
            autoComplete="off"
            id="input_search"
            onChange={[Function]}
            onKeyDown={[Function]}
            placeholder="Search for crypto here"
            spellCheck="false"
            type="text"
          />
          <div
            className="search_icon"
          >
            <svg
              fill="#000000"
              height="50px"
              id="btn_search"
              onClick={[Function]}
              viewBox="0 0 50 50"
              width="50px"
              xmlns="http://www.w3.org/2000/svg"
            >
              <path
                d="M 21 3 C 11.601563 3 4 10.601563 4 20 C 4 29.398438 11.601563 37 21 37 C 24.355469 37 27.460938 36.015625 30.09375 34.34375 L 42.375 46.625 L 46.625 42.375 L 34.5 30.28125 C 36.679688 27.421875 38 23.878906 38 20 C 38 10.601563 30.398438 3 21 3 Z M 21 7 C 28.199219 7 34 12.800781 34 20 C 34 27.199219 28.199219 33 21 33 C 13.800781 33 8 27.199219 8 20 C 8 12.800781 13.800781 7 21 7 Z"
              />
            </svg>
          </div>
        </div>
      </div>
      <div
        className="header_right"
      >
        <div
          className="search_header"
          id="search_header"
        >
          <label
            htmlFor="search"
          >
            <input
              id="search-bar"
              onBlur={[Function]}
              onClick={[Function]}
              onKeyDown={[Function]}
              type="text"
            />
            <svg
              fill="#000000"
              height="50px"
              id="btn_search_mobile"
              viewBox="0 0 50 50"
              width="50px"
              xmlns="http://www.w3.org/2000/svg"
            >
              <path
                d="M 21 3 C 11.601563 3 4 10.601563 4 20 C 4 29.398438 11.601563 37 21 37 C 24.355469 37 27.460938 36.015625 30.09375 34.34375 L 42.375 46.625 L 46.625 42.375 L 34.5 30.28125 C 36.679688 27.421875 38 23.878906 38 20 C 38 10.601563 30.398438 3 21 3 Z M 21 7 C 28.199219 7 34 12.800781 34 20 C 34 27.199219 28.199219 33 21 33 C 13.800781 33 8 27.199219 8 20 C 8 12.800781 13.800781 7 21 7 Z"
              />
            </svg>
          </label>
        </div>
        <svg
          className="header_logout"
          fill="#FFF"
          height="20px"
          id="header_logout"
          onClick={[Function]}
          viewBox="0 0 512 512"
          xmlns="http://www.w3.org/2000/svg"
        >
          <path
            d="M255.2 468.6H63.8c-11.7 0-21.3-9.5-21.3-21.3V64.6c0-11.7 9.5-21.3 21.3-21.3H255.2c11.8 0 21.3-9.5 21.3-21.3S266.9 0.9 255.2 0.9H63.8C28.6 0.9 0 29.5 0 64.6v382.7c0 35.2 28.6 63.8 63.8 63.8H255.2c11.8 0 21.3-9.5 21.3-21.3C276.4 478.1 266.9 468.6 255.2 468.6z"
          />
          <path
            d="M505.7 240.9L376.4 113.3c-8.3-8.2-21.8-8.1-30.1 0.2s-8.2 21.8 0.2 30.1l92.4 91.2H191.4c-11.8 0-21.3 9.5-21.3 21.3 0 11.8 9.5 21.3 21.3 21.3h247.6l-92.4 91.2c-8.4 8.3-8.4 21.7-0.2 30.1 4.2 4.2 9.7 6.3 15.1 6.3 5.4 0 10.8-2 14.9-6.1l129.3-127.6c4-4 6.3-9.4 6.3-15.1C512 250.3 509.7 244.9 505.7 240.9z"
          />
        </svg>
        <div
          className="header_notification"
        >
          <div>
            <svg
              className="not"
              fill="white"
              id="notification"
              onClick={[Function]}
              viewBox="0 5.4 32 32"
              xmlns="http://www.w3.org/2000/svg"
            >
              <g
                data-name="Layer 31"
                id="Layer_31"
              >
                <path
                  d="M27,27H5a1,1,0,0,1-.89-1.45,18.14,18.14,0,0,0,1.89-8V14a10,10,0,0,1,20,0v3.53a18.14,18.14,0,0,0,1.89,8A1,1,0,0,1,27,27ZM6.55,25h18.9A20.14,20.14,0,0,1,24,17.53V14A8,8,0,0,0,8,14v3.53A20.14,20.14,0,0,1,6.55,25Z"
                />
                <path
                  d="M16,31a5,5,0,0,1-5-5,1,1,0,0,1,2,0,3,3,0,0,0,.88,2.12,3.08,3.08,0,0,0,4.24,0,1,1,0,0,1,1.42,1.42A5,5,0,0,1,16,31Z"
                />
                <path
                  d="M16,6a1,1,0,0,1-1-1V2a1,1,0,0,1,2,0V5A1,1,0,0,1,16,6Z"
                />
                <path
                  d="M26,5a2,2,0,1,1,2-2A2,2,0,0,1,26,5Zm0-2h0Zm0,0h0Zm0,0h0Zm0,0h0Zm0,0h0Zm0,0h0Zm0,0h0Zm0,0h0Z"
                />
              </g>
            </svg>
          </div>
        </div>
        <img
          alt=""
          className="header_user_icon"
          src={
            Object {
              "canInstrument": true,
              "createTransformer": [Function],
              "getCacheKey": [Function],
              "process": [Function],
            }
          }
        />
        <div
          className="header_user_name log"
          id="header_user_name"
          onClick={[Function]}
          onKeyDown={[Function]}
          role="button"
          tabIndex={0}
        >
          <p
            className="username log"
            onFocus={[Function]}
            onMouseLeave={[Function]}
            onMouseOver={[Function]}
          />
          <svg
            className="header_arrow log"
            height="452"
            id="header_arrow"
            viewBox="0 0 451.8 451.8"
            width="452"
            xmlns="http://www.w3.org/2000/svg"
          >
            <path
              d="M225.9 354.7c-8.1 0-16.2-3.1-22.4-9.3L9.3 151.2c-12.4-12.4-12.4-32.4 0-44.8 12.4-12.4 32.4-12.4 44.7 0l171.9 171.9 171.9-171.9c12.4-12.4 32.4-12.4 44.7 0 12.4 12.4 12.4 32.4 0 44.8L248.3 345.4C242.1 351.6 234 354.7 225.9 354.7z"
            />
          </svg>
          <div
            className="header_user_logout log"
            id="header_user_logout"
          >
            <span
              className="log"
              id="btn-logout"
              onClick={[Function]}
              onKeyDown={[Function]}
              role="button"
              tabIndex={0}
            >
              Logout
            </span>
          </div>
        </div>
      </div>
    </div>
  </Header>
</Provider>
`;
