// Jest Snapshot v1, https://goo.gl/fbAQLP

exports[`PortfolioItem should render correctly 1`] = `
<Provider
  store={
    Object {
      "@@observable": [Function],
      "dispatch": [Function],
      "getState": [Function],
      "replaceReducer": [Function],
      "subscribe": [Function],
    }
  }
>
  <Portfolio
    name="Bitcoin"
  >
    <div
      className="portfolio_item"
    >
      <div
        className="portfolio_name"
      >
        <svg
          height="32"
          width="32"
          xmlns="http://www.w3.org/2000/svg"
        >
          <g
            fill="none"
            fillRule="evenodd"
          >
            <circle
              cx="16"
              cy="16"
              fill="#2a4245"
              r="16"
            />
            <path
              d="M23.189 14.02c.314-2.096-1.283-3.223-3.465-3.975l.708-2.84-1.728-.43-.69 2.765c-.454-.114-.92-.22-1.385-.326l.695-2.783L15.596 6l-.708 2.839c-.376-.086-.746-.17-1.104-.26l.002-.009-2.384-.595-.46 1.846s1.283.294 1.256.312c.7.175.826.638.805 1.006l-.806 3.235c.048.012.11.03.18.057l-.183-.045-1.13 4.532c-.086.212-.303.531-.793.41.018.025-1.256-.313-1.256-.313l-.858 1.978 2.25.561c.418.105.828.215 1.231.318l-.715 2.872 1.727.43.708-2.84c.472.127.93.245 1.378.357l-.706 2.828 1.728.43.715-2.866c2.948.558 5.164.333 6.097-2.333.752-2.146-.037-3.385-1.588-4.192 1.13-.26 1.98-1.003 2.207-2.538zm-3.95 5.538c-.533 2.147-4.148.986-5.32.695l.95-3.805c1.172.293 4.929.872 4.37 3.11zm.535-5.569c-.487 1.953-3.495.96-4.47.717l.86-3.45c.975.243 4.118.696 3.61 2.733z"
              fill="#73cb9c"
              fillRule="nonzero"
            />
          </g>
        </svg>
        <p>
          Bitcoin
        </p>
        <p>
          BTC
        </p>
      </div>
      <div
        className="portfolio_coin"
      >
        <p>
          0
        </p>
      </div>
      <div
        className="portfolio_variation"
        style={
          Object {
            "color": "#f1c94f",
          }
        }
      >
        <svg
          fill="#f1c94f"
          style={
            Object {
              "transform": "rotate(210deg)",
            }
          }
          viewBox="0 0 492 492"
          xmlns="http://www.w3.org/2000/svg"
        >
          <path
            d="M464.3 207.4l0.8 0.2H135.9l103.5-103.7c5.1-5.1 7.8-11.9 7.8-19.1 0-7.2-2.8-14-7.8-19.1L223.3 49.5c-5.1-5.1-11.8-7.9-19-7.9 -7.2 0-14 2.8-19 7.8L7.8 226.9C2.8 232 0 238.8 0 246c0 7.2 2.8 14 7.8 19.1l177.4 177.4c5.1 5.1 11.8 7.8 19 7.8 7.2 0 13.9-2.8 19-7.8l16.1-16.1c5.1-5.1 7.8-11.8 7.8-19 0-7.2-2.8-13.6-7.8-18.7L134.7 284.4h330c14.8 0 27.3-12.8 27.3-27.6v-22.8C492 219.2 479.2 207.4 464.3 207.4z"
          />
        </svg>
        <p>
          0
        </p>
        <p>
          %
        </p>
      </div>
      <div
        className="portfolio_graph"
      >
        <Graph
          color="White"
          data={
            Array [
              Object {
                "Price": 0,
                "tokens": 0,
              },
            ]
          }
          height={80}
          width={0}
        >
          <div
            className="graph_container"
          >
            <div
              className="graph"
            >
              <ResponsiveContainer
                debounce={0}
                height={80}
                width="99%"
              >
                <ResizeDetector
                  handleHeight={true}
                  handleWidth={true}
                  onResize={[Function]}
                  targetRef={
                    Object {
                      "current": <div
                        class="recharts-responsive-container"
                        style="width: 99%; height: 80px;"
                      />,
                    }
                  }
                >
                  <div
                    className="recharts-responsive-container"
                    style={
                      Object {
                        "height": 80,
                        "maxHeight": undefined,
                        "minHeight": undefined,
                        "minWidth": undefined,
                        "width": "99%",
                      }
                    }
                  />
                </ResizeDetector>
              </ResponsiveContainer>
              <Grid>
                <div
                  className="grid"
                >
                  <span
                    className="grid_card"
                  />
                  <span
                    className="grid_card"
                  />
                  <span
                    className="grid_card"
                  />
                  <span
                    className="grid_card"
                  />
                  <span
                    className="grid_card"
                  />
                </div>
              </Grid>
            </div>
          </div>
        </Graph>
      </div>
      <div
        className="portfolio_price"
      >
        <p>
          $
        </p>
        <p>
          0.00
        </p>
      </div>
    </div>
  </Portfolio>
</Provider>
`;
