// Jest Snapshot v1, https://goo.gl/fbAQLP

exports[`Email should render correctly 1`] = `
<Email>
  <div
    className="settings_email"
  >
    <h3>
      Email
    </h3>
    <div
      className="settings_email_input"
    >
      <div
        className="input input_settings"
      >
        <svg
          className="email_icon"
          height="489"
          viewBox="0 0 489.2 489.2"
          width="489"
          xmlns="http://www.w3.org/2000/svg"
        >
          <polygon
            points="0 386.6 143.5 214.9 0 99.6 "
          />
          <polygon
            points="489.2 386.6 489.2 99.6 345.6 214.9 "
          />
          <polygon
            points="487.9 398.7 489.2 398.7 489.2 397.7 "
          />
          <polygon
            points="0 398.7 1.2 398.7 0 397.7 "
          />
          <polygon
            points="480.8 398.7 479.9 397.7 334.6 223.7 244.6 296.1 154.6 223.7 9.2 397.7 8.4 398.7 "
          />
          <polygon
            points="152.6 204 158.1 208.5 163.6 212.9 244.6 277.9 325.5 212.9 331 208.5 336.5 204 477.9 90.5 11.3 90.5 "
          />
        </svg>
        <input
          id="set_email"
          onChange={[Function]}
          placeholder="Enter new email"
          type="text"
        />
      </div>
      <button
        className="btn_settings"
        type="button"
      >
        Update
      </button>
    </div>
  </div>
</Email>
`;
